........................................................................ [  5%]
........................................................................ [ 10%]
........................................................................ [ 15%]
........................................................................ [ 21%]
........................................................................ [ 26%]
........................................................................ [ 31%]
........................................................................ [ 36%]
........................................................................ [ 42%]
........................................................................ [ 47%]
.......................s.s.............................................. [ 52%]
........................................................................ [ 58%]
........................................................................ [ 63%]
........................................................................ [ 68%]
........................................................................ [ 73%]
........................................................................ [ 79%]
........................................................................ [ 84%]
........................................................................ [ 89%]
........................................................................ [ 95%]
....................................................................     [100%]
=============================== warnings summary ===============================
tests/test_checkpoint_nullable_identity_v28.py: 16 warnings
  tests/test_checkpoint_nullable_identity_v28.py:734: PytestWarning: record_property is incompatible with junit_family 'xunit2' (use 'legacy' or 'xunit1')
    @pytest.mark.parametrize("case", [

-- Docs: https://docs.pytest.org/en/stable/how-to/capture-warnings.html
- generated xml file: /Users/howen/Projects/PPO_MEC/artifacts/analysis/g14r20_a_continuation_20260908/full.junit.xml -
1362 passed, 2 skipped, 16 warnings in 158.72s (0:02:38)
